18:23:06 **** Incremental Build of configuration Debug for project 01HelloWorld ****
make -j12 all 
arm-none-eabi-gcc "../Src/main.c" -mcpu=cortex-m4 -std=gnu11 -g3 -DDEBUG -DSTM32 -DSTM32F4 -DSTM32F446RETx -DNUCLEO_F446RE -c -I../Inc -O0 -ffunction-sections -fdata-sections -Wall -fstack-usage -fcyclomatic-complexity -MMD -MP -MF"Src/main.d" -MT"Src/main.o" --specs=nano.specs -mfloat-abi=soft -mthumb -o "Src/main.o"
arm-none-eabi-gcc -o "01HelloWorld.elf" @"objects.list"   -mcpu=cortex-m4 -T"/home/wyatt/Desktop/EmbeddedSystemsProgramming/01HelloWorld/STM32F446RETX_FLASH.ld" --specs=nosys.specs -Wl,-Map="01HelloWorld.map" -Wl,--gc-sections -static --specs=nano.specs -mfloat-abi=soft -mthumb -Wl,--start-group -lc -lm -Wl,--end-group
Finished building target: 01HelloWorld.elf
 
arm-none-eabi-size   01HelloWorld.elf 
arm-none-eabi-objdump -h -S  01HelloWorld.elf  > "01HelloWorld.list"
   text	   data	    bss	    dec	    hex	filename
   3444	    100	   1900	   5444	   1544	01HelloWorld.elf
Finished building: default.size.stdout
 
Finished building: 01HelloWorld.list
 

18:23:07 Build Finished. 0 errors, 0 warnings. (took 676ms)

