13:32:57 **** Incremental Build of configuration Debug for project 03InlineAssembly ****
make -j12 all 
arm-none-eabi-gcc "../Src/main.c" -mcpu=cortex-m4 -std=gnu11 -g3 -DDEBUG -DSTM32 -DSTM32F4 -DSTM32F446RETx -DNUCLEO_F446RE -c -I../Inc -O0 -ffunction-sections -fdata-sections -Wall -fstack-usage -fcyclomatic-complexity -MMD -MP -MF"Src/main.d" -MT"Src/main.o" --specs=nano.specs -mfloat-abi=soft -mthumb -o "Src/main.o"
arm-none-eabi-gcc -o "03InlineAssembly.elf" @"objects.list"   -mcpu=cortex-m4 -T"/home/wyatt/Desktop/EmbeddedSystemsProgramming/03InlineAssembly/STM32F446RETX_FLASH.ld" --specs=nosys.specs -Wl,-Map="03InlineAssembly.map" -Wl,--gc-sections -static --specs=nano.specs -mfloat-abi=soft -mthumb -Wl,--start-group -lc -lm -Wl,--end-group
Finished building target: 03InlineAssembly.elf
 
arm-none-eabi-size   03InlineAssembly.elf 
arm-none-eabi-objdump -h -S  03InlineAssembly.elf  > "03InlineAssembly.list"
   text	   data	    bss	    dec	    hex	filename
    720	      8	   1568	   2296	    8f8	03InlineAssembly.elf
Finished building: default.size.stdout
 
Finished building: 03InlineAssembly.list
 

13:32:57 Build Finished. 0 errors, 0 warnings. (took 630ms)

