08:36:50 **** Incremental Build of configuration Debug for project 07Stack ****
make -j12 all 
arm-none-eabi-gcc "../Src/main.c" -mcpu=cortex-m4 -std=gnu11 -g3 -DDEBUG -DSTM32 -DSTM32F4 -DSTM32F446RETx -DNUCLEO_F446RE -c -I../Inc -O0 -ffunction-sections -fdata-sections -Wall -fstack-usage -fcyclomatic-complexity -MMD -MP -MF"Src/main.d" -MT"Src/main.o" --specs=nano.specs -mfloat-abi=soft -mthumb -o "Src/main.o"
arm-none-eabi-gcc -o "07Stack.elf" @"objects.list"   -mcpu=cortex-m4 -T"/home/wyatt/Desktop/EmbeddedSystemsProgramming/07Stack/STM32F446RETX_FLASH.ld" --specs=nosys.specs -Wl,-Map="07Stack.map" -Wl,--gc-sections -static --specs=nano.specs -mfloat-abi=soft -mthumb -Wl,--start-group -lc -lm -Wl,--end-group
Finished building target: 07Stack.elf
 
arm-none-eabi-size   07Stack.elf 
arm-none-eabi-objdump -h -S  07Stack.elf  > "07Stack.list"
   text	   data	    bss	    dec	    hex	filename
   5268	    100	   1900	   7268	   1c64	07Stack.elf
Finished building: default.size.stdout
 
Finished building: 07Stack.list
 

08:36:51 Build Finished. 0 errors, 0 warnings. (took 736ms)

