12:39:51 **** Incremental Build of configuration Debug for project 11FaultGen ****
make -j12 all 
arm-none-eabi-gcc "../Src/main-1.c" -mcpu=cortex-m4 -std=gnu11 -g3 -DDEBUG -DSTM32 -DSTM32F4 -DSTM32F446RETx -DNUCLEO_F446RE -c -I../Inc -O0 -ffunction-sections -fdata-sections -Wall -fstack-usage -fcyclomatic-complexity -MMD -MP -MF"Src/main-1.d" -MT"Src/main-1.o" --specs=nano.specs -mfloat-abi=soft -mthumb -o "Src/main-1.o"
arm-none-eabi-gcc -o "11FaultGen.elf" @"objects.list"   -mcpu=cortex-m4 -T"/home/wyatt/Desktop/EmbeddedSystemsProgramming/11FaultGen/STM32F446RETX_FLASH.ld" --specs=nosys.specs -Wl,-Map="11FaultGen.map" -Wl,--gc-sections -static --specs=nano.specs -mfloat-abi=soft -mthumb -Wl,--start-group -lc -lm -Wl,--end-group
Finished building target: 11FaultGen.elf
 
arm-none-eabi-size   11FaultGen.elf 
arm-none-eabi-objdump -h -S  11FaultGen.elf  > "11FaultGen.list"
   text	   data	    bss	    dec	    hex	filename
   5756	    100	   1900	   7756	   1e4c	11FaultGen.elf
Finished building: default.size.stdout
 
Finished building: 11FaultGen.list
 

12:39:51 Build Finished. 0 errors, 0 warnings. (took 671ms)

