15:59:56 **** Incremental Build of configuration Debug for project 12SVCNumber ****
make -j12 all 
arm-none-eabi-gcc "../Src/main.c" -mcpu=cortex-m4 -std=gnu11 -g3 -DDEBUG -DSTM32 -DSTM32F4 -DSTM32F446RETx -DNUCLEO_F446RE -c -I../Inc -O0 -ffunction-sections -fdata-sections -Wall -fstack-usage -fcyclomatic-complexity -MMD -MP -MF"Src/main.d" -MT"Src/main.o" --specs=nano.specs -mfloat-abi=soft -mthumb -o "Src/main.o"
arm-none-eabi-gcc -o "12SVCNumber.elf" @"objects.list"   -mcpu=cortex-m4 -T"/home/wyatt/Desktop/EmbeddedSystemsProgramming/12SVCNumber/STM32F446RETX_FLASH.ld" --specs=nosys.specs -Wl,-Map="12SVCNumber.map" -Wl,--gc-sections -static --specs=nano.specs -mfloat-abi=soft -mthumb -Wl,--start-group -lc -lm -Wl,--end-group
Finished building target: 12SVCNumber.elf
 
arm-none-eabi-size   12SVCNumber.elf 
arm-none-eabi-objdump -h -S  12SVCNumber.elf  > "12SVCNumber.list"
   text	   data	    bss	    dec	    hex	filename
   5244	    100	   1900	   7244	   1c4c	12SVCNumber.elf
Finished building: default.size.stdout
 
Finished building: 12SVCNumber.list
 

15:59:57 Build Finished. 0 errors, 0 warnings. (took 624ms)

