15:01:34 **** Build of configuration Debug for project 02OperationModes ****
make -j12 all 
arm-none-eabi-gcc -mcpu=cortex-m4 -g3 -DDEBUG -c -x assembler-with-cpp -MMD -MP -MF"Startup/startup_stm32f446retx.d" -MT"Startup/startup_stm32f446retx.o" --specs=nano.specs -mfloat-abi=soft -mthumb -o "Startup/startup_stm32f446retx.o" "../Startup/startup_stm32f446retx.s"
arm-none-eabi-gcc "../Src/main.c" -mcpu=cortex-m4 -std=gnu11 -g3 -DDEBUG -DSTM32 -DSTM32F4 -DSTM32F446RETx -DNUCLEO_F446RE -c -I../Inc -O0 -ffunction-sections -fdata-sections -Wall -fstack-usage -fcyclomatic-complexity -MMD -MP -MF"Src/main.d" -MT"Src/main.o" --specs=nano.specs -mfloat-abi=soft -mthumb -o "Src/main.o"
arm-none-eabi-gcc "../Src/syscalls.c" -mcpu=cortex-m4 -std=gnu11 -g3 -DDEBUG -DSTM32 -DSTM32F4 -DSTM32F446RETx -DNUCLEO_F446RE -c -I../Inc -O0 -ffunction-sections -fdata-sections -Wall -fstack-usage -fcyclomatic-complexity -MMD -MP -MF"Src/syscalls.d" -MT"Src/syscalls.o" --specs=nano.specs -mfloat-abi=soft -mthumb -o "Src/syscalls.o"
arm-none-eabi-gcc "../Src/sysmem.c" -mcpu=cortex-m4 -std=gnu11 -g3 -DDEBUG -DSTM32 -DSTM32F4 -DSTM32F446RETx -DNUCLEO_F446RE -c -I../Inc -O0 -ffunction-sections -fdata-sections -Wall -fstack-usage -fcyclomatic-complexity -MMD -MP -MF"Src/sysmem.d" -MT"Src/sysmem.o" --specs=nano.specs -mfloat-abi=soft -mthumb -o "Src/sysmem.o"
arm-none-eabi-gcc -o "02OperationModes.elf" @"objects.list"   -mcpu=cortex-m4 -T"/home/wyatt/Desktop/EmbeddedSystemsProgramming/02OperationModes/STM32F446RETX_FLASH.ld" --specs=nosys.specs -Wl,-Map="02OperationModes.map" -Wl,--gc-sections -static --specs=nano.specs -mfloat-abi=soft -mthumb -Wl,--start-group -lc -lm -Wl,--end-group
Finished building target: 02OperationModes.elf
 
arm-none-eabi-size   02OperationModes.elf 
arm-none-eabi-objdump -h -S  02OperationModes.elf  > "02OperationModes.list"
   text	   data	    bss	    dec	    hex	filename
   3524	    100	   1900	   5524	   1594	02OperationModes.elf
Finished building: default.size.stdout
 
Finished building: 02OperationModes.list
 
15:02:04 **** Incremental Build of configuration Debug for project 02OperationModes ****
make -j12 all 
arm-none-eabi-size   02OperationModes.elf 
   text	   data	    bss	    dec	    hex	filename
   3524	    100	   1900	   5524	   1594	02OperationModes.elf
Finished building: default.size.stdout
 
15:07:05 **** Incremental Build of configuration Debug for project 02OperationModes ****
make -j12 all 
arm-none-eabi-size   02OperationModes.elf 
   text	   data	    bss	    dec	    hex	filename
   3524	    100	   1900	   5524	   1594	02OperationModes.elf
Finished building: default.size.stdout
 
